
Starting Stage 4: Generate Light Curves

Input directory: /Volumes/emay_data/JWST/data_synthesis/DATA/NIRCam_F322W2/20220916_RAW/
Output directory: /Volumes/emay_data/JWST/data_synthesis/EUREKA_SLC_REDUCTIONS/NIRCam_F322W2/bins_scale1/S4/S4_2023-05-09_wasp39b_run1/ap0_bg0/
Copying S4 control file
Converting non-Eureka S3 save file from:
/Volumes/emay_data/JWST/data_synthesis/DATA/NIRCam_F322W2/20220916_RAW/
WARNING: The selected meta.wave_min (2.4) is smaller than the shortest wavelength (2.404601812362671)
WARNING: The selected meta.wave_max (4.22) is larger than the longest wavelength (4.076102256774902)
Computing drift/jitter
Stage 4 MAD = 3635.69 ppm
Generating light curves
  Bandpass 0 = 2.420 - 2.423
  Sigma clipped 0 outliers in time series
    MAD = 3084 ppm
  Bandpass 1 = 2.423 - 2.426
  Sigma clipped 0 outliers in time series
    MAD = 3150 ppm
  Bandpass 2 = 2.426 - 2.429
  Sigma clipped 0 outliers in time series
    MAD = 2764 ppm
  Bandpass 3 = 2.429 - 2.432
  Sigma clipped 0 outliers in time series
    MAD = 3024 ppm
  Bandpass 4 = 2.432 - 2.435
  Sigma clipped 0 outliers in time series
    MAD = 2527 ppm
  Bandpass 5 = 2.435 - 2.438
  Sigma clipped 0 outliers in time series
    MAD = 2659 ppm
  Bandpass 6 = 2.438 - 2.440
  Sigma clipped 0 outliers in time series
    MAD = 2353 ppm
  Bandpass 7 = 2.440 - 2.443
  Sigma clipped 0 outliers in time series
    MAD = 2305 ppm
  Bandpass 8 = 2.443 - 2.446
  Sigma clipped 0 outliers in time series
    MAD = 2439 ppm
  Bandpass 9 = 2.446 - 2.449
  Sigma clipped 0 outliers in time series
    MAD = 2591 ppm
  Bandpass 10 = 2.449 - 2.452
  Sigma clipped 0 outliers in time series
    MAD = 2249 ppm
  Bandpass 11 = 2.452 - 2.455
  Sigma clipped 0 outliers in time series
    MAD = 2820 ppm
  Bandpass 12 = 2.455 - 2.458
  Sigma clipped 0 outliers in time series
    MAD = 2484 ppm
  Bandpass 13 = 2.458 - 2.461
  Sigma clipped 0 outliers in time series
    MAD = 2306 ppm
  Bandpass 14 = 2.461 - 2.463
  Sigma clipped 0 outliers in time series
    MAD = 2549 ppm
  Bandpass 15 = 2.463 - 2.466
  Sigma clipped 0 outliers in time series
    MAD = 2337 ppm
  Bandpass 16 = 2.466 - 2.469
  Sigma clipped 0 outliers in time series
    MAD = 2489 ppm
  Bandpass 17 = 2.469 - 2.472
  Sigma clipped 0 outliers in time series
    MAD = 2427 ppm
  Bandpass 18 = 2.472 - 2.475
  Sigma clipped 0 outliers in time series
    MAD = 2407 ppm
  Bandpass 19 = 2.475 - 2.478
  Sigma clipped 0 outliers in time series
    MAD = 2360 ppm
  Bandpass 20 = 2.478 - 2.481
  Sigma clipped 0 outliers in time series
    MAD = 2599 ppm
  Bandpass 21 = 2.481 - 2.483
  Sigma clipped 0 outliers in time series
    MAD = 2578 ppm
  Bandpass 22 = 2.483 - 2.486
  Sigma clipped 0 outliers in time series
    MAD = 2566 ppm
  Bandpass 23 = 2.486 - 2.489
  Sigma clipped 0 outliers in time series
    MAD = 2115 ppm
  Bandpass 24 = 2.489 - 2.492
  Sigma clipped 0 outliers in time series
    MAD = 2576 ppm
  Bandpass 25 = 2.492 - 2.495
  Sigma clipped 0 outliers in time series
    MAD = 2365 ppm
  Bandpass 26 = 2.495 - 2.498
  Sigma clipped 0 outliers in time series
    MAD = 2214 ppm
  Bandpass 27 = 2.498 - 2.501
  Sigma clipped 0 outliers in time series
    MAD = 2304 ppm
  Bandpass 28 = 2.501 - 2.504
  Sigma clipped 0 outliers in time series
    MAD = 2452 ppm
  Bandpass 29 = 2.504 - 2.506
  Sigma clipped 0 outliers in time series
    MAD = 2325 ppm
  Bandpass 30 = 2.506 - 2.509
  Sigma clipped 0 outliers in time series
    MAD = 1991 ppm
  Bandpass 31 = 2.509 - 2.512
  Sigma clipped 0 outliers in time series
    MAD = 2381 ppm
  Bandpass 32 = 2.512 - 2.515
  Sigma clipped 0 outliers in time series
    MAD = 2359 ppm
  Bandpass 33 = 2.515 - 2.518
  Sigma clipped 0 outliers in time series
    MAD = 2060 ppm
  Bandpass 34 = 2.518 - 2.521
  Sigma clipped 0 outliers in time series
    MAD = 2294 ppm
  Bandpass 35 = 2.521 - 2.524
  Sigma clipped 0 outliers in time series
    MAD = 1990 ppm
  Bandpass 36 = 2.524 - 2.527
  Sigma clipped 0 outliers in time series
    MAD = 2292 ppm
  Bandpass 37 = 2.527 - 2.529
  Sigma clipped 0 outliers in time series
    MAD = 2222 ppm
  Bandpass 38 = 2.529 - 2.532
  Sigma clipped 0 outliers in time series
    MAD = 2435 ppm
  Bandpass 39 = 2.532 - 2.535
  Sigma clipped 0 outliers in time series
    MAD = 2158 ppm
  Bandpass 40 = 2.535 - 2.538
  Sigma clipped 0 outliers in time series
    MAD = 2416 ppm
  Bandpass 41 = 2.538 - 2.541
  Sigma clipped 0 outliers in time series
    MAD = 2386 ppm
  Bandpass 42 = 2.541 - 2.544
  Sigma clipped 0 outliers in time series
    MAD = 2193 ppm
  Bandpass 43 = 2.544 - 2.547
  Sigma clipped 0 outliers in time series
    MAD = 2212 ppm
  Bandpass 44 = 2.547 - 2.550
  Sigma clipped 0 outliers in time series
    MAD = 2096 ppm
  Bandpass 45 = 2.550 - 2.552
  Sigma clipped 0 outliers in time series
    MAD = 2135 ppm
  Bandpass 46 = 2.552 - 2.555
  Sigma clipped 0 outliers in time series
    MAD = 2201 ppm
  Bandpass 47 = 2.555 - 2.558
  Sigma clipped 0 outliers in time series
    MAD = 2264 ppm
  Bandpass 48 = 2.558 - 2.561
  Sigma clipped 0 outliers in time series
    MAD = 2204 ppm
  Bandpass 49 = 2.561 - 2.564
  Sigma clipped 0 outliers in time series
    MAD = 2221 ppm
  Bandpass 50 = 2.564 - 2.567
  Sigma clipped 0 outliers in time series
    MAD = 2687 ppm
  Bandpass 51 = 2.567 - 2.570
  Sigma clipped 0 outliers in time series
    MAD = 2289 ppm
  Bandpass 52 = 2.570 - 2.573
  Sigma clipped 0 outliers in time series
    MAD = 2198 ppm
  Bandpass 53 = 2.573 - 2.575
  Sigma clipped 0 outliers in time series
    MAD = 2061 ppm
  Bandpass 54 = 2.575 - 2.578
  Sigma clipped 0 outliers in time series
    MAD = 2312 ppm
  Bandpass 55 = 2.578 - 2.581
  Sigma clipped 0 outliers in time series
    MAD = 2092 ppm
  Bandpass 56 = 2.581 - 2.584
  Sigma clipped 0 outliers in time series
    MAD = 2217 ppm
  Bandpass 57 = 2.584 - 2.587
  Sigma clipped 0 outliers in time series
    MAD = 2314 ppm
  Bandpass 58 = 2.587 - 2.590
  Sigma clipped 0 outliers in time series
    MAD = 2157 ppm
  Bandpass 59 = 2.590 - 2.593
  Sigma clipped 0 outliers in time series
    MAD = 2263 ppm
  Bandpass 60 = 2.593 - 2.596
  Sigma clipped 0 outliers in time series
    MAD = 1967 ppm
  Bandpass 61 = 2.596 - 2.599
  Sigma clipped 0 outliers in time series
    MAD = 2259 ppm
  Bandpass 62 = 2.599 - 2.601
  Identified 1 outliers for wavelength 2.6000 microns
  Sigma clipped 1 outliers in time series
    MAD = 2073 ppm
  Bandpass 63 = 2.601 - 2.604
  Sigma clipped 0 outliers in time series
    MAD = 2603 ppm
  Bandpass 64 = 2.604 - 2.607
  Sigma clipped 0 outliers in time series
    MAD = 2411 ppm
  Bandpass 65 = 2.607 - 2.610
  Identified 1 outliers for wavelength 2.6086 microns
  Sigma clipped 1 outliers in time series
    MAD = 2115 ppm
  Bandpass 66 = 2.610 - 2.613
  Identified 1 outliers for wavelength 2.6115 microns
  Sigma clipped 1 outliers in time series
    MAD = 1999 ppm
  Bandpass 67 = 2.613 - 2.616
  Sigma clipped 0 outliers in time series
    MAD = 1835 ppm
  Bandpass 68 = 2.616 - 2.619
  Sigma clipped 0 outliers in time series
    MAD = 2412 ppm
  Bandpass 69 = 2.619 - 2.622
  Sigma clipped 0 outliers in time series
    MAD = 1966 ppm
  Bandpass 70 = 2.622 - 2.624
  Sigma clipped 0 outliers in time series
    MAD = 2290 ppm
  Bandpass 71 = 2.624 - 2.627
  Sigma clipped 0 outliers in time series
    MAD = 2492 ppm
  Bandpass 72 = 2.627 - 2.630
  Sigma clipped 0 outliers in time series
    MAD = 2177 ppm
  Bandpass 73 = 2.630 - 2.633
  Sigma clipped 0 outliers in time series
    MAD = 2009 ppm
  Bandpass 74 = 2.633 - 2.636
  Sigma clipped 0 outliers in time series
    MAD = 1890 ppm
  Bandpass 75 = 2.636 - 2.639
  Sigma clipped 0 outliers in time series
    MAD = 1870 ppm
  Bandpass 76 = 2.639 - 2.642
  Sigma clipped 0 outliers in time series
    MAD = 2262 ppm
  Bandpass 77 = 2.642 - 2.645
  Sigma clipped 0 outliers in time series
    MAD = 2074 ppm
  Bandpass 78 = 2.645 - 2.648
  Sigma clipped 0 outliers in time series
    MAD = 2063 ppm
  Bandpass 79 = 2.648 - 2.650
  Sigma clipped 0 outliers in time series
    MAD = 2017 ppm
  Bandpass 80 = 2.650 - 2.653
  Sigma clipped 0 outliers in time series
    MAD = 1969 ppm
  Bandpass 81 = 2.653 - 2.656
  Sigma clipped 0 outliers in time series
    MAD = 2174 ppm
  Bandpass 82 = 2.656 - 2.659
  Sigma clipped 0 outliers in time series
    MAD = 2199 ppm
  Bandpass 83 = 2.659 - 2.662
  Sigma clipped 0 outliers in time series
    MAD = 1907 ppm
  Bandpass 84 = 2.662 - 2.665
  Sigma clipped 0 outliers in time series
    MAD = 2337 ppm
  Bandpass 85 = 2.665 - 2.668
  Sigma clipped 0 outliers in time series
    MAD = 2006 ppm
  Bandpass 86 = 2.668 - 2.671
  Sigma clipped 0 outliers in time series
    MAD = 1675 ppm
  Bandpass 87 = 2.671 - 2.674
  Sigma clipped 0 outliers in time series
    MAD = 2171 ppm
  Bandpass 88 = 2.674 - 2.676
  Sigma clipped 0 outliers in time series
    MAD = 2223 ppm
  Bandpass 89 = 2.676 - 2.679
  Sigma clipped 0 outliers in time series
    MAD = 1946 ppm
  Bandpass 90 = 2.679 - 2.682
  Sigma clipped 0 outliers in time series
    MAD = 2121 ppm
  Bandpass 91 = 2.682 - 2.685
  Identified 1 outliers for wavelength 2.6837 microns
  Sigma clipped 1 outliers in time series
    MAD = 1966 ppm
  Bandpass 92 = 2.685 - 2.688
  Sigma clipped 0 outliers in time series
    MAD = 1726 ppm
  Bandpass 93 = 2.688 - 2.691
  Sigma clipped 0 outliers in time series
    MAD = 2159 ppm
  Bandpass 94 = 2.691 - 2.694
  Sigma clipped 0 outliers in time series
    MAD = 2071 ppm
  Bandpass 95 = 2.694 - 2.697
  Sigma clipped 0 outliers in time series
    MAD = 1971 ppm
  Bandpass 96 = 2.697 - 2.700
  Sigma clipped 0 outliers in time series
    MAD = 2031 ppm
  Bandpass 97 = 2.700 - 2.702
  Sigma clipped 0 outliers in time series
    MAD = 1965 ppm
  Bandpass 98 = 2.702 - 2.705
  Sigma clipped 0 outliers in time series
    MAD = 2133 ppm
  Bandpass 99 = 2.705 - 2.708
  Sigma clipped 0 outliers in time series
    MAD = 2069 ppm
  Bandpass 100 = 2.708 - 2.711
  Sigma clipped 0 outliers in time series
    MAD = 4334 ppm
  Bandpass 101 = 2.711 - 2.714
  Sigma clipped 0 outliers in time series
    MAD = 3145 ppm
  Bandpass 102 = 2.714 - 2.717
  Sigma clipped 0 outliers in time series
    MAD = 2240 ppm
  Bandpass 103 = 2.717 - 2.720
  Sigma clipped 0 outliers in time series
    MAD = 2112 ppm
  Bandpass 104 = 2.720 - 2.723
  Sigma clipped 0 outliers in time series
    MAD = 2132 ppm
  Bandpass 105 = 2.723 - 2.726
  Sigma clipped 0 outliers in time series
    MAD = 2054 ppm
  Bandpass 106 = 2.726 - 2.728
  Sigma clipped 0 outliers in time series
    MAD = 2032 ppm
  Bandpass 107 = 2.728 - 2.731
  Sigma clipped 0 outliers in time series
    MAD = 2020 ppm
  Bandpass 108 = 2.731 - 2.734
  Sigma clipped 0 outliers in time series
    MAD = 2081 ppm
  Bandpass 109 = 2.734 - 2.737
  Sigma clipped 0 outliers in time series
    MAD = 2065 ppm
  Bandpass 110 = 2.737 - 2.740
  Sigma clipped 0 outliers in time series
    MAD = 2257 ppm
  Bandpass 111 = 2.740 - 2.743
  Sigma clipped 0 outliers in time series
    MAD = 1829 ppm
  Bandpass 112 = 2.743 - 2.746
  Sigma clipped 0 outliers in time series
    MAD = 2128 ppm
  Bandpass 113 = 2.746 - 2.749
  Identified 1 outliers for wavelength 2.7473 microns
  Sigma clipped 1 outliers in time series
    MAD = 2108 ppm
  Bandpass 114 = 2.749 - 2.752
  Sigma clipped 0 outliers in time series
    MAD = 2108 ppm
  Bandpass 115 = 2.752 - 2.754
  Sigma clipped 0 outliers in time series
    MAD = 2010 ppm
  Bandpass 116 = 2.754 - 2.757
  Sigma clipped 0 outliers in time series
    MAD = 2124 ppm
  Bandpass 117 = 2.757 - 2.760
  Sigma clipped 0 outliers in time series
    MAD = 2013 ppm
  Bandpass 118 = 2.760 - 2.763
  Sigma clipped 0 outliers in time series
    MAD = 2052 ppm
  Bandpass 119 = 2.763 - 2.766
  Sigma clipped 0 outliers in time series
    MAD = 2073 ppm
  Bandpass 120 = 2.766 - 2.769
  Sigma clipped 0 outliers in time series
    MAD = 1880 ppm
  Bandpass 121 = 2.769 - 2.772
  Sigma clipped 0 outliers in time series
    MAD = 2154 ppm
  Bandpass 122 = 2.772 - 2.775
  Sigma clipped 0 outliers in time series
    MAD = 1979 ppm
  Bandpass 123 = 2.775 - 2.778
  Sigma clipped 0 outliers in time series
    MAD = 1923 ppm
  Bandpass 124 = 2.778 - 2.781
  Sigma clipped 0 outliers in time series
    MAD = 2036 ppm
  Bandpass 125 = 2.781 - 2.783
  Sigma clipped 0 outliers in time series
    MAD = 2147 ppm
  Bandpass 126 = 2.783 - 2.786
  Sigma clipped 0 outliers in time series
    MAD = 2114 ppm
  Bandpass 127 = 2.786 - 2.789
  Sigma clipped 0 outliers in time series
    MAD = 2242 ppm
  Bandpass 128 = 2.789 - 2.792
  Sigma clipped 0 outliers in time series
    MAD = 2175 ppm
  Bandpass 129 = 2.792 - 2.795
  Sigma clipped 0 outliers in time series
    MAD = 2030 ppm
  Bandpass 130 = 2.795 - 2.798
  Sigma clipped 0 outliers in time series
    MAD = 2030 ppm
  Bandpass 131 = 2.798 - 2.801
  Sigma clipped 0 outliers in time series
    MAD = 2033 ppm
  Bandpass 132 = 2.801 - 2.804
  Sigma clipped 0 outliers in time series
    MAD = 1937 ppm
  Bandpass 133 = 2.804 - 2.807
  Sigma clipped 0 outliers in time series
    MAD = 2067 ppm
  Bandpass 134 = 2.807 - 2.810
  Sigma clipped 0 outliers in time series
    MAD = 1946 ppm
  Bandpass 135 = 2.810 - 2.812
  Sigma clipped 0 outliers in time series
    MAD = 2134 ppm
  Bandpass 136 = 2.812 - 2.815
  Sigma clipped 0 outliers in time series
    MAD = 2141 ppm
  Bandpass 137 = 2.815 - 2.818
  Sigma clipped 0 outliers in time series
    MAD = 2274 ppm
  Bandpass 138 = 2.818 - 2.821
  Sigma clipped 0 outliers in time series
    MAD = 2146 ppm
  Bandpass 139 = 2.821 - 2.824
  Sigma clipped 0 outliers in time series
    MAD = 1925 ppm
  Bandpass 140 = 2.824 - 2.827
  Sigma clipped 0 outliers in time series
    MAD = 2133 ppm
  Bandpass 141 = 2.827 - 2.830
  Sigma clipped 0 outliers in time series
    MAD = 2043 ppm
  Bandpass 142 = 2.830 - 2.833
  Sigma clipped 0 outliers in time series
    MAD = 1933 ppm
  Bandpass 143 = 2.833 - 2.836
  Sigma clipped 0 outliers in time series
    MAD = 2088 ppm
  Bandpass 144 = 2.836 - 2.839
  Sigma clipped 0 outliers in time series
    MAD = 1764 ppm
  Bandpass 145 = 2.839 - 2.841
  Sigma clipped 0 outliers in time series
    MAD = 1772 ppm
  Bandpass 146 = 2.841 - 2.844
  Sigma clipped 0 outliers in time series
    MAD = 1961 ppm
  Bandpass 147 = 2.844 - 2.847
  Sigma clipped 0 outliers in time series
    MAD = 1879 ppm
  Bandpass 148 = 2.847 - 2.850
  Sigma clipped 0 outliers in time series
    MAD = 4215 ppm
  Bandpass 149 = 2.850 - 2.853
  Sigma clipped 0 outliers in time series
    MAD = 5181 ppm
  Bandpass 150 = 2.853 - 2.856
  Sigma clipped 0 outliers in time series
    MAD = 1698 ppm
  Bandpass 151 = 2.856 - 2.859
  Sigma clipped 0 outliers in time series
    MAD = 2115 ppm
  Bandpass 152 = 2.859 - 2.862
  Sigma clipped 0 outliers in time series
    MAD = 1926 ppm
  Bandpass 153 = 2.862 - 2.865
  Sigma clipped 0 outliers in time series
    MAD = 1616 ppm
  Bandpass 154 = 2.865 - 2.868
  Sigma clipped 0 outliers in time series
    MAD = 2195 ppm
  Bandpass 155 = 2.868 - 2.870
  Sigma clipped 0 outliers in time series
    MAD = 2047 ppm
  Bandpass 156 = 2.870 - 2.873
  Sigma clipped 0 outliers in time series
    MAD = 1806 ppm
  Bandpass 157 = 2.873 - 2.876
  Sigma clipped 0 outliers in time series
    MAD = 2204 ppm
  Bandpass 158 = 2.876 - 2.879
  Sigma clipped 0 outliers in time series
    MAD = 1886 ppm
  Bandpass 159 = 2.879 - 2.882
  Sigma clipped 0 outliers in time series
    MAD = 2183 ppm
  Bandpass 160 = 2.882 - 2.885
  Sigma clipped 0 outliers in time series
    MAD = 2013 ppm
  Bandpass 161 = 2.885 - 2.888
  Sigma clipped 0 outliers in time series
    MAD = 1967 ppm
  Bandpass 162 = 2.888 - 2.891
  Sigma clipped 0 outliers in time series
    MAD = 4147 ppm
  Bandpass 163 = 2.891 - 2.894
  Sigma clipped 0 outliers in time series
    MAD = 5050 ppm
  Bandpass 164 = 2.894 - 2.897
  Sigma clipped 0 outliers in time series
    MAD = 2022 ppm
  Bandpass 165 = 2.897 - 2.899
  Identified 1 outliers for wavelength 2.8980 microns
  Sigma clipped 1 outliers in time series
    MAD = 2093 ppm
  Bandpass 166 = 2.899 - 2.902
  Sigma clipped 0 outliers in time series
    MAD = 1960 ppm
  Bandpass 167 = 2.902 - 2.905
  Sigma clipped 0 outliers in time series
    MAD = 2251 ppm
  Bandpass 168 = 2.905 - 2.908
  Sigma clipped 0 outliers in time series
    MAD = 2205 ppm
  Bandpass 169 = 2.908 - 2.911
  Identified 1 outliers for wavelength 2.9096 microns
  Sigma clipped 1 outliers in time series
    MAD = 1878 ppm
  Bandpass 170 = 2.911 - 2.914
  Sigma clipped 0 outliers in time series
    MAD = 1948 ppm
  Bandpass 171 = 2.914 - 2.917
  Sigma clipped 0 outliers in time series
    MAD = 1989 ppm
  Bandpass 172 = 2.917 - 2.920
  Sigma clipped 0 outliers in time series
    MAD = 2000 ppm
  Bandpass 173 = 2.920 - 2.923
  Identified 1 outliers for wavelength 2.9212 microns
  Sigma clipped 1 outliers in time series
    MAD = 1768 ppm
  Bandpass 174 = 2.923 - 2.926
  Sigma clipped 0 outliers in time series
    MAD = 2067 ppm
  Bandpass 175 = 2.926 - 2.929
  Sigma clipped 0 outliers in time series
    MAD = 1978 ppm
  Bandpass 176 = 2.929 - 2.931
  Sigma clipped 0 outliers in time series
    MAD = 2113 ppm
  Bandpass 177 = 2.931 - 2.934
  Identified 1 outliers for wavelength 2.9329 microns
  Sigma clipped 1 outliers in time series
    MAD = 2185 ppm
  Bandpass 178 = 2.934 - 2.937
  Sigma clipped 0 outliers in time series
    MAD = 2150 ppm
  Bandpass 179 = 2.937 - 2.940
  Identified 1 outliers for wavelength 2.9387 microns
  Sigma clipped 1 outliers in time series
    MAD = 2010 ppm
  Bandpass 180 = 2.940 - 2.943
  Sigma clipped 0 outliers in time series
    MAD = 1840 ppm
  Bandpass 181 = 2.943 - 2.946
  Sigma clipped 0 outliers in time series
    MAD = 1716 ppm
  Bandpass 182 = 2.946 - 2.949
  Identified 1 outliers for wavelength 2.9474 microns
  Sigma clipped 1 outliers in time series
    MAD = 1877 ppm
  Bandpass 183 = 2.949 - 2.952
  Identified 1 outliers for wavelength 2.9503 microns
  Sigma clipped 1 outliers in time series
    MAD = 2030 ppm
  Bandpass 184 = 2.952 - 2.955
  Sigma clipped 0 outliers in time series
    MAD = 2131 ppm
  Bandpass 185 = 2.955 - 2.958
  Identified 1 outliers for wavelength 2.9561 microns
  Sigma clipped 1 outliers in time series
    MAD = 1855 ppm
  Bandpass 186 = 2.958 - 2.960
  Sigma clipped 0 outliers in time series
    MAD = 1972 ppm
  Bandpass 187 = 2.960 - 2.963
  Sigma clipped 0 outliers in time series
    MAD = 1902 ppm
  Bandpass 188 = 2.963 - 2.966
  Sigma clipped 0 outliers in time series
    MAD = 2171 ppm
  Bandpass 189 = 2.966 - 2.969
  Sigma clipped 0 outliers in time series
    MAD = 1924 ppm
  Bandpass 190 = 2.969 - 2.972
  Sigma clipped 0 outliers in time series
    MAD = 2012 ppm
  Bandpass 191 = 2.972 - 2.975
  Sigma clipped 0 outliers in time series
    MAD = 2160 ppm
  Bandpass 192 = 2.975 - 2.978
  Sigma clipped 0 outliers in time series
    MAD = 2256 ppm
  Bandpass 193 = 2.978 - 2.981
  Sigma clipped 0 outliers in time series
    MAD = 1862 ppm
  Bandpass 194 = 2.981 - 2.984
  Sigma clipped 0 outliers in time series
    MAD = 2011 ppm
  Bandpass 195 = 2.984 - 2.987
  Sigma clipped 0 outliers in time series
    MAD = 1952 ppm
  Bandpass 196 = 2.987 - 2.990
  Sigma clipped 0 outliers in time series
    MAD = 1812 ppm
  Bandpass 197 = 2.990 - 2.992
  Sigma clipped 0 outliers in time series
    MAD = 2077 ppm
  Bandpass 198 = 2.992 - 2.995
  Sigma clipped 0 outliers in time series
    MAD = 2255 ppm
  Bandpass 199 = 2.995 - 2.998
  Sigma clipped 0 outliers in time series
    MAD = 2169 ppm
  Bandpass 200 = 2.998 - 3.001
  Sigma clipped 0 outliers in time series
    MAD = 2298 ppm
  Bandpass 201 = 3.001 - 3.004
  Sigma clipped 0 outliers in time series
    MAD = 2400 ppm
  Bandpass 202 = 3.004 - 3.007
  Sigma clipped 0 outliers in time series
    MAD = 1500 ppm
  Bandpass 203 = 3.007 - 3.010
  Identified 1 outliers for wavelength 3.0085 microns
  Sigma clipped 1 outliers in time series
    MAD = 2074 ppm
  Bandpass 204 = 3.010 - 3.013
  Sigma clipped 0 outliers in time series
    MAD = 2088 ppm
  Bandpass 205 = 3.013 - 3.016
  Sigma clipped 0 outliers in time series
    MAD = 2067 ppm
  Bandpass 206 = 3.016 - 3.019
  Sigma clipped 0 outliers in time series
    MAD = 1870 ppm
  Bandpass 207 = 3.019 - 3.022
  Sigma clipped 0 outliers in time series
    MAD = 2182 ppm
  Bandpass 208 = 3.022 - 3.025
  Sigma clipped 0 outliers in time series
    MAD = 2133 ppm
  Bandpass 209 = 3.025 - 3.027
  Sigma clipped 0 outliers in time series
    MAD = 2320 ppm
  Bandpass 210 = 3.027 - 3.030
  Sigma clipped 0 outliers in time series
    MAD = 2079 ppm
  Bandpass 211 = 3.030 - 3.033
  Sigma clipped 0 outliers in time series
    MAD = 1772 ppm
  Bandpass 212 = 3.033 - 3.036
  Sigma clipped 0 outliers in time series
    MAD = 1767 ppm
  Bandpass 213 = 3.036 - 3.039
  Sigma clipped 0 outliers in time series
    MAD = 1922 ppm
  Bandpass 214 = 3.039 - 3.042
  Sigma clipped 0 outliers in time series
    MAD = 2185 ppm
  Bandpass 215 = 3.042 - 3.045
  Identified 1 outliers for wavelength 3.0434 microns
  Sigma clipped 1 outliers in time series
    MAD = 1761 ppm
  Bandpass 216 = 3.045 - 3.048
  Sigma clipped 0 outliers in time series
    MAD = 2052 ppm
  Bandpass 217 = 3.048 - 3.051
  Sigma clipped 0 outliers in time series
    MAD = 1949 ppm
  Bandpass 218 = 3.051 - 3.054
  Sigma clipped 0 outliers in time series
    MAD = 1833 ppm
  Bandpass 219 = 3.054 - 3.057
  Sigma clipped 0 outliers in time series
    MAD = 1987 ppm
  Bandpass 220 = 3.057 - 3.059
  Sigma clipped 0 outliers in time series
    MAD = 1898 ppm
  Bandpass 221 = 3.059 - 3.062
  Sigma clipped 0 outliers in time series
    MAD = 2164 ppm
  Bandpass 222 = 3.062 - 3.065
  Sigma clipped 0 outliers in time series
    MAD = 1850 ppm
  Bandpass 223 = 3.065 - 3.068
  Identified 1 outliers for wavelength 3.0668 microns
  Sigma clipped 1 outliers in time series
    MAD = 2009 ppm
  Bandpass 224 = 3.068 - 3.071
  Sigma clipped 0 outliers in time series
    MAD = 1923 ppm
  Bandpass 225 = 3.071 - 3.074
  Identified 1 outliers for wavelength 3.0726 microns
  Sigma clipped 1 outliers in time series
    MAD = 2211 ppm
  Bandpass 226 = 3.074 - 3.077
  Sigma clipped 0 outliers in time series
    MAD = 1773 ppm
  Bandpass 227 = 3.077 - 3.080
  Identified 1 outliers for wavelength 3.0784 microns
  Sigma clipped 1 outliers in time series
    MAD = 1967 ppm
  Bandpass 228 = 3.080 - 3.083
  Sigma clipped 0 outliers in time series
    MAD = 1922 ppm
  Bandpass 229 = 3.083 - 3.086
  Identified 11 outliers for wavelength 3.0843 microns
  Sigma clipped 11 outliers in time series
    MAD = 2014 ppm
  Bandpass 230 = 3.086 - 3.089
  Sigma clipped 0 outliers in time series
    MAD = 1976 ppm
  Bandpass 231 = 3.089 - 3.092
  Sigma clipped 0 outliers in time series
    MAD = 1939 ppm
  Bandpass 232 = 3.092 - 3.094
  Sigma clipped 0 outliers in time series
    MAD = 2245 ppm
  Bandpass 233 = 3.094 - 3.097
  Sigma clipped 0 outliers in time series
    MAD = 1749 ppm
  Bandpass 234 = 3.097 - 3.100
  Sigma clipped 0 outliers in time series
    MAD = 1898 ppm
  Bandpass 235 = 3.100 - 3.103
  Sigma clipped 0 outliers in time series
    MAD = 1793 ppm
  Bandpass 236 = 3.103 - 3.106
  Sigma clipped 0 outliers in time series
    MAD = 2150 ppm
  Bandpass 237 = 3.106 - 3.109
  Sigma clipped 0 outliers in time series
    MAD = 2144 ppm
  Bandpass 238 = 3.109 - 3.112
  Sigma clipped 0 outliers in time series
    MAD = 1718 ppm
  Bandpass 239 = 3.112 - 3.115
  Sigma clipped 0 outliers in time series
    MAD = 2424 ppm
  Bandpass 240 = 3.115 - 3.118
  Sigma clipped 0 outliers in time series
    MAD = 2965 ppm
  Bandpass 241 = 3.118 - 3.121
  Sigma clipped 0 outliers in time series
    MAD = 1989 ppm
  Bandpass 242 = 3.121 - 3.124
  Sigma clipped 0 outliers in time series
    MAD = 2098 ppm
  Bandpass 243 = 3.124 - 3.127
  Identified 1 outliers for wavelength 3.1251 microns
  Sigma clipped 1 outliers in time series
    MAD = 4677 ppm
  Bandpass 244 = 3.127 - 3.129
  Sigma clipped 0 outliers in time series
    MAD = 4123 ppm
  Bandpass 245 = 3.129 - 3.132
  Identified 1 outliers for wavelength 3.1309 microns
  Sigma clipped 1 outliers in time series
    MAD = 2034 ppm
  Bandpass 246 = 3.132 - 3.135
  Sigma clipped 0 outliers in time series
    MAD = 2113 ppm
  Bandpass 247 = 3.135 - 3.138
  Identified 1 outliers for wavelength 3.1368 microns
  Sigma clipped 1 outliers in time series
    MAD = 2233 ppm
  Bandpass 248 = 3.138 - 3.141
  Sigma clipped 0 outliers in time series
    MAD = 2070 ppm
  Bandpass 249 = 3.141 - 3.144
  Sigma clipped 0 outliers in time series
    MAD = 1891 ppm
  Bandpass 250 = 3.144 - 3.147
  Sigma clipped 0 outliers in time series
    MAD = 1753 ppm
  Bandpass 251 = 3.147 - 3.150
  Sigma clipped 0 outliers in time series
    MAD = 2069 ppm
  Bandpass 252 = 3.150 - 3.153
  Sigma clipped 0 outliers in time series
    MAD = 1828 ppm
  Bandpass 253 = 3.153 - 3.156
  Identified 1 outliers for wavelength 3.1543 microns
  Sigma clipped 1 outliers in time series
    MAD = 2111 ppm
  Bandpass 254 = 3.156 - 3.159
  Sigma clipped 0 outliers in time series
    MAD = 1692 ppm
  Bandpass 255 = 3.159 - 3.162
  Identified 1 outliers for wavelength 3.1601 microns
  Sigma clipped 1 outliers in time series
    MAD = 1955 ppm
  Bandpass 256 = 3.162 - 3.164
  Sigma clipped 0 outliers in time series
    MAD = 2098 ppm
  Bandpass 257 = 3.164 - 3.167
  Sigma clipped 0 outliers in time series
    MAD = 2162 ppm
  Bandpass 258 = 3.167 - 3.170
  Sigma clipped 0 outliers in time series
    MAD = 1922 ppm
  Bandpass 259 = 3.170 - 3.173
  Identified 1 outliers for wavelength 3.1718 microns
  Sigma clipped 1 outliers in time series
    MAD = 1893 ppm
  Bandpass 260 = 3.173 - 3.176
  Sigma clipped 0 outliers in time series
    MAD = 2062 ppm
  Bandpass 261 = 3.176 - 3.179
  Identified 1 outliers for wavelength 3.1776 microns
  Sigma clipped 1 outliers in time series
    MAD = 1813 ppm
  Bandpass 262 = 3.179 - 3.182
  Sigma clipped 0 outliers in time series
    MAD = 2177 ppm
  Bandpass 263 = 3.182 - 3.185
  Sigma clipped 0 outliers in time series
    MAD = 2047 ppm
  Bandpass 264 = 3.185 - 3.188
  Sigma clipped 0 outliers in time series
    MAD = 1942 ppm
  Bandpass 265 = 3.188 - 3.191
  Sigma clipped 0 outliers in time series
    MAD = 1802 ppm
  Bandpass 266 = 3.191 - 3.194
  Identified 1 outliers for wavelength 3.1922 microns
  Sigma clipped 1 outliers in time series
    MAD = 1919 ppm
  Bandpass 267 = 3.194 - 3.197
  Sigma clipped 0 outliers in time series
    MAD = 2144 ppm
  Bandpass 268 = 3.197 - 3.200
  Sigma clipped 0 outliers in time series
    MAD = 2036 ppm
  Bandpass 269 = 3.200 - 3.202
  Identified 1 outliers for wavelength 3.2010 microns
  Sigma clipped 1 outliers in time series
    MAD = 1848 ppm
  Bandpass 270 = 3.202 - 3.205
  Sigma clipped 0 outliers in time series
    MAD = 2145 ppm
  Bandpass 271 = 3.205 - 3.208
  Identified 1 outliers for wavelength 3.2068 microns
  Sigma clipped 1 outliers in time series
    MAD = 1825 ppm
  Bandpass 272 = 3.208 - 3.211
  Sigma clipped 0 outliers in time series
    MAD = 1991 ppm
  Bandpass 273 = 3.211 - 3.214
  Identified 1 outliers for wavelength 3.2127 microns
  Sigma clipped 1 outliers in time series
    MAD = 1704 ppm
  Bandpass 274 = 3.214 - 3.217
  Identified 1 outliers for wavelength 3.2156 microns
  Sigma clipped 1 outliers in time series
    MAD = 1930 ppm
  Bandpass 275 = 3.217 - 3.220
  Sigma clipped 0 outliers in time series
    MAD = 1981 ppm
  Bandpass 276 = 3.220 - 3.223
  Sigma clipped 0 outliers in time series
    MAD = 1968 ppm
  Bandpass 277 = 3.223 - 3.226
  Sigma clipped 0 outliers in time series
    MAD = 1855 ppm
  Bandpass 278 = 3.226 - 3.229
  Sigma clipped 0 outliers in time series
    MAD = 2101 ppm
  Bandpass 279 = 3.229 - 3.232
  Sigma clipped 0 outliers in time series
    MAD = 2138 ppm
  Bandpass 280 = 3.232 - 3.235
  Sigma clipped 0 outliers in time series
    MAD = 1783 ppm
  Bandpass 281 = 3.235 - 3.238
  Sigma clipped 0 outliers in time series
    MAD = 1928 ppm
  Bandpass 282 = 3.238 - 3.240
  Sigma clipped 0 outliers in time series
    MAD = 1940 ppm
  Bandpass 283 = 3.240 - 3.243
  Sigma clipped 0 outliers in time series
    MAD = 1908 ppm
  Bandpass 284 = 3.243 - 3.246
  Sigma clipped 0 outliers in time series
    MAD = 1921 ppm
  Bandpass 285 = 3.246 - 3.249
  Sigma clipped 0 outliers in time series
    MAD = 1952 ppm
  Bandpass 286 = 3.249 - 3.252
  Sigma clipped 0 outliers in time series
    MAD = 1774 ppm
  Bandpass 287 = 3.252 - 3.255
  Sigma clipped 0 outliers in time series
    MAD = 1980 ppm
  Bandpass 288 = 3.255 - 3.258
  Identified 1 outliers for wavelength 3.2565 microns
  Sigma clipped 1 outliers in time series
    MAD = 2047 ppm
  Bandpass 289 = 3.258 - 3.261
  Identified 1 outliers for wavelength 3.2595 microns
  Sigma clipped 1 outliers in time series
    MAD = 2060 ppm
  Bandpass 290 = 3.261 - 3.264
  Identified 1 outliers for wavelength 3.2624 microns
  Sigma clipped 1 outliers in time series
    MAD = 2051 ppm
  Bandpass 291 = 3.264 - 3.267
  Sigma clipped 0 outliers in time series
    MAD = 2135 ppm
  Bandpass 292 = 3.267 - 3.270
  Sigma clipped 0 outliers in time series
    MAD = 1842 ppm
  Bandpass 293 = 3.270 - 3.273
  Identified 1 outliers for wavelength 3.2712 microns
  Sigma clipped 1 outliers in time series
    MAD = 2021 ppm
  Bandpass 294 = 3.273 - 3.276
  Identified 1 outliers for wavelength 3.2741 microns
  Sigma clipped 1 outliers in time series
    MAD = 1633 ppm
  Bandpass 295 = 3.276 - 3.278
  Sigma clipped 0 outliers in time series
    MAD = 1853 ppm
  Bandpass 296 = 3.278 - 3.281
  Sigma clipped 0 outliers in time series
    MAD = 2134 ppm
  Bandpass 297 = 3.281 - 3.284
  Sigma clipped 0 outliers in time series
    MAD = 1845 ppm
  Bandpass 298 = 3.284 - 3.287
  Sigma clipped 0 outliers in time series
    MAD = 2049 ppm
  Bandpass 299 = 3.287 - 3.290
  Identified 1 outliers for wavelength 3.2887 microns
  Sigma clipped 1 outliers in time series
    MAD = 2076 ppm
  Bandpass 300 = 3.290 - 3.293
  Sigma clipped 0 outliers in time series
    MAD = 2073 ppm
  Bandpass 301 = 3.293 - 3.296
  Identified 1 outliers for wavelength 3.2946 microns
  Sigma clipped 1 outliers in time series
    MAD = 1983 ppm
  Bandpass 302 = 3.296 - 3.299
  Sigma clipped 0 outliers in time series
    MAD = 1893 ppm
  Bandpass 303 = 3.299 - 3.302
  Sigma clipped 0 outliers in time series
    MAD = 2030 ppm
  Bandpass 304 = 3.302 - 3.305
  Sigma clipped 0 outliers in time series
    MAD = 2042 ppm
  Bandpass 305 = 3.305 - 3.308
  Sigma clipped 0 outliers in time series
    MAD = 1833 ppm
  Bandpass 306 = 3.308 - 3.311
  Sigma clipped 0 outliers in time series
    MAD = 1891 ppm
  Bandpass 307 = 3.311 - 3.314
  Identified 1 outliers for wavelength 3.3121 microns
  Sigma clipped 1 outliers in time series
    MAD = 2238 ppm
  Bandpass 308 = 3.314 - 3.317
  Sigma clipped 0 outliers in time series
    MAD = 1707 ppm
  Bandpass 309 = 3.317 - 3.319
  Sigma clipped 0 outliers in time series
    MAD = 2001 ppm
  Bandpass 310 = 3.319 - 3.322
  Sigma clipped 0 outliers in time series
    MAD = 1767 ppm
  Bandpass 311 = 3.322 - 3.325
  Sigma clipped 0 outliers in time series
    MAD = 1874 ppm
  Bandpass 312 = 3.325 - 3.328
  Identified 1 outliers for wavelength 3.3268 microns
  Sigma clipped 1 outliers in time series
    MAD = 1994 ppm
  Bandpass 313 = 3.328 - 3.331
  Sigma clipped 0 outliers in time series
    MAD = 1877 ppm
  Bandpass 314 = 3.331 - 3.334
  Sigma clipped 0 outliers in time series
    MAD = 2041 ppm
  Bandpass 315 = 3.334 - 3.337
  Sigma clipped 0 outliers in time series
    MAD = 1781 ppm
  Bandpass 316 = 3.337 - 3.340
  Sigma clipped 0 outliers in time series
    MAD = 2157 ppm
  Bandpass 317 = 3.340 - 3.343
  Sigma clipped 0 outliers in time series
    MAD = 2360 ppm
  Bandpass 318 = 3.343 - 3.346
  Sigma clipped 0 outliers in time series
    MAD = 1971 ppm
  Bandpass 319 = 3.346 - 3.349
  Identified 1 outliers for wavelength 3.3473 microns
  Sigma clipped 1 outliers in time series
    MAD = 1724 ppm
  Bandpass 320 = 3.349 - 3.352
  Sigma clipped 0 outliers in time series
    MAD = 1927 ppm
  Bandpass 321 = 3.352 - 3.355
  Sigma clipped 0 outliers in time series
    MAD = 1929 ppm
  Bandpass 322 = 3.355 - 3.358
  Sigma clipped 0 outliers in time series
    MAD = 1687 ppm
  Bandpass 323 = 3.358 - 3.360
  Sigma clipped 0 outliers in time series
    MAD = 1821 ppm
  Bandpass 324 = 3.360 - 3.363
  Sigma clipped 0 outliers in time series
    MAD = 1871 ppm
  Bandpass 325 = 3.363 - 3.366
  Sigma clipped 0 outliers in time series
    MAD = 1884 ppm
  Bandpass 326 = 3.366 - 3.369
  Sigma clipped 0 outliers in time series
    MAD = 1975 ppm
  Bandpass 327 = 3.369 - 3.372
  Identified 1 outliers for wavelength 3.3707 microns
  Sigma clipped 1 outliers in time series
    MAD = 4276 ppm
  Bandpass 328 = 3.372 - 3.375
  Identified 1 outliers for wavelength 3.3736 microns
  Sigma clipped 1 outliers in time series
    MAD = 2049 ppm
  Bandpass 329 = 3.375 - 3.378
  Identified 2 outliers for wavelength 3.3766 microns
  Sigma clipped 2 outliers in time series
    MAD = 1895 ppm
  Bandpass 330 = 3.378 - 3.381
  Identified 1 outliers for wavelength 3.3795 microns
  Sigma clipped 1 outliers in time series
    MAD = 2019 ppm
  Bandpass 331 = 3.381 - 3.384
  Sigma clipped 0 outliers in time series
    MAD = 1826 ppm
  Bandpass 332 = 3.384 - 3.387
  Sigma clipped 0 outliers in time series
    MAD = 2119 ppm
  Bandpass 333 = 3.387 - 3.390
  Sigma clipped 0 outliers in time series
    MAD = 2064 ppm
  Bandpass 334 = 3.390 - 3.393
  Sigma clipped 0 outliers in time series
    MAD = 2072 ppm
  Bandpass 335 = 3.393 - 3.396
  Sigma clipped 0 outliers in time series
    MAD = 1808 ppm
  Bandpass 336 = 3.396 - 3.399
  Sigma clipped 0 outliers in time series
    MAD = 2120 ppm
  Bandpass 337 = 3.399 - 3.401
  Identified 1 outliers for wavelength 3.4000 microns
  Sigma clipped 1 outliers in time series
    MAD = 2136 ppm
  Bandpass 338 = 3.401 - 3.404
  Sigma clipped 0 outliers in time series
    MAD = 2210 ppm
  Bandpass 339 = 3.404 - 3.407
  Identified 1 outliers for wavelength 3.4059 microns
  Sigma clipped 1 outliers in time series
    MAD = 1764 ppm
  Bandpass 340 = 3.407 - 3.410
  Sigma clipped 0 outliers in time series
    MAD = 1934 ppm
  Bandpass 341 = 3.410 - 3.413
  Sigma clipped 0 outliers in time series
    MAD = 1757 ppm
  Bandpass 342 = 3.413 - 3.416
  Identified 1 outliers for wavelength 3.4147 microns
  Sigma clipped 1 outliers in time series
    MAD = 2066 ppm
  Bandpass 343 = 3.416 - 3.419
  Sigma clipped 0 outliers in time series
    MAD = 1991 ppm
  Bandpass 344 = 3.419 - 3.422
  Sigma clipped 0 outliers in time series
    MAD = 1952 ppm
  Bandpass 345 = 3.422 - 3.425
  Sigma clipped 0 outliers in time series
    MAD = 2066 ppm
  Bandpass 346 = 3.425 - 3.428
  Sigma clipped 0 outliers in time series
    MAD = 1906 ppm
  Bandpass 347 = 3.428 - 3.431
  Sigma clipped 0 outliers in time series
    MAD = 1926 ppm
  Bandpass 348 = 3.431 - 3.434
  Sigma clipped 0 outliers in time series
    MAD = 1915 ppm
  Bandpass 349 = 3.434 - 3.437
  Sigma clipped 0 outliers in time series
    MAD = 2026 ppm
  Bandpass 350 = 3.437 - 3.440
  Identified 1 outliers for wavelength 3.4381 microns
  Sigma clipped 1 outliers in time series
    MAD = 1743 ppm
  Bandpass 351 = 3.440 - 3.443
  Sigma clipped 0 outliers in time series
    MAD = 1921 ppm
  Bandpass 352 = 3.443 - 3.445
  Sigma clipped 0 outliers in time series
    MAD = 1729 ppm
  Bandpass 353 = 3.445 - 3.448
  Sigma clipped 0 outliers in time series
    MAD = 1760 ppm
  Bandpass 354 = 3.448 - 3.451
  Sigma clipped 0 outliers in time series
    MAD = 1733 ppm
  Bandpass 355 = 3.451 - 3.454
  Sigma clipped 0 outliers in time series
    MAD = 2054 ppm
  Bandpass 356 = 3.454 - 3.457
  Sigma clipped 0 outliers in time series
    MAD = 1987 ppm
  Bandpass 357 = 3.457 - 3.460
  Sigma clipped 0 outliers in time series
    MAD = 2172 ppm
  Bandpass 358 = 3.460 - 3.463
  Sigma clipped 0 outliers in time series
    MAD = 1774 ppm
  Bandpass 359 = 3.463 - 3.466
  Identified 1 outliers for wavelength 3.4645 microns
  Sigma clipped 1 outliers in time series
    MAD = 1777 ppm
  Bandpass 360 = 3.466 - 3.469
  Sigma clipped 0 outliers in time series
    MAD = 1941 ppm
  Bandpass 361 = 3.469 - 3.472
  Sigma clipped 0 outliers in time series
    MAD = 1873 ppm
  Bandpass 362 = 3.472 - 3.475
  Sigma clipped 0 outliers in time series
    MAD = 2032 ppm
  Bandpass 363 = 3.475 - 3.478
  Sigma clipped 0 outliers in time series
    MAD = 1864 ppm
  Bandpass 364 = 3.478 - 3.481
  Sigma clipped 0 outliers in time series
    MAD = 1837 ppm
  Bandpass 365 = 3.481 - 3.484
  Sigma clipped 0 outliers in time series
    MAD = 1711 ppm
  Bandpass 366 = 3.484 - 3.487
  Sigma clipped 0 outliers in time series
    MAD = 1884 ppm
  Bandpass 367 = 3.487 - 3.489
  Sigma clipped 0 outliers in time series
    MAD = 2218 ppm
  Bandpass 368 = 3.489 - 3.492
  Sigma clipped 0 outliers in time series
    MAD = 1894 ppm
  Bandpass 369 = 3.492 - 3.495
  Sigma clipped 0 outliers in time series
    MAD = 1928 ppm
  Bandpass 370 = 3.495 - 3.498
  Sigma clipped 0 outliers in time series
    MAD = 2070 ppm
  Bandpass 371 = 3.498 - 3.501
  Sigma clipped 0 outliers in time series
    MAD = 1946 ppm
  Bandpass 372 = 3.501 - 3.504
  Sigma clipped 0 outliers in time series
    MAD = 2090 ppm
  Bandpass 373 = 3.504 - 3.507
  Sigma clipped 0 outliers in time series
    MAD = 2051 ppm
  Bandpass 374 = 3.507 - 3.510
  Sigma clipped 0 outliers in time series
    MAD = 2161 ppm
  Bandpass 375 = 3.510 - 3.513
  Sigma clipped 0 outliers in time series
    MAD = 2068 ppm
  Bandpass 376 = 3.513 - 3.516
  Sigma clipped 0 outliers in time series
    MAD = 1959 ppm
  Bandpass 377 = 3.516 - 3.519
  Sigma clipped 0 outliers in time series
    MAD = 1932 ppm
  Bandpass 378 = 3.519 - 3.522
  Sigma clipped 0 outliers in time series
    MAD = 2169 ppm
  Bandpass 379 = 3.522 - 3.525
  Sigma clipped 0 outliers in time series
    MAD = 1922 ppm
  Bandpass 380 = 3.525 - 3.528
  Sigma clipped 0 outliers in time series
    MAD = 2049 ppm
  Bandpass 381 = 3.528 - 3.531
  Sigma clipped 0 outliers in time series
    MAD = 1727 ppm
  Bandpass 382 = 3.531 - 3.533
  Identified 1 outliers for wavelength 3.5320 microns
  Sigma clipped 1 outliers in time series
    MAD = 1833 ppm
  Bandpass 383 = 3.533 - 3.536
  Sigma clipped 0 outliers in time series
    MAD = 1917 ppm
  Bandpass 384 = 3.536 - 3.539
  Sigma clipped 0 outliers in time series
    MAD = 2033 ppm
  Bandpass 385 = 3.539 - 3.542
  Identified 1 outliers for wavelength 3.5408 microns
  Sigma clipped 1 outliers in time series
    MAD = 1866 ppm
  Bandpass 386 = 3.542 - 3.545
  Sigma clipped 0 outliers in time series
    MAD = 1887 ppm
  Bandpass 387 = 3.545 - 3.548
  Sigma clipped 0 outliers in time series
    MAD = 2128 ppm
  Bandpass 388 = 3.548 - 3.551
  Sigma clipped 0 outliers in time series
    MAD = 2063 ppm
  Bandpass 389 = 3.551 - 3.554
  Sigma clipped 0 outliers in time series
    MAD = 1878 ppm
  Bandpass 390 = 3.554 - 3.557
  Sigma clipped 0 outliers in time series
    MAD = 2219 ppm
  Bandpass 391 = 3.557 - 3.560
  Sigma clipped 0 outliers in time series
    MAD = 1936 ppm
  Bandpass 392 = 3.560 - 3.563
  Sigma clipped 0 outliers in time series
    MAD = 1855 ppm
  Bandpass 393 = 3.563 - 3.566
  Sigma clipped 0 outliers in time series
    MAD = 1678 ppm
  Bandpass 394 = 3.566 - 3.569
  Sigma clipped 0 outliers in time series
    MAD = 2029 ppm
  Bandpass 395 = 3.569 - 3.572
  Sigma clipped 0 outliers in time series
    MAD = 2065 ppm
  Bandpass 396 = 3.572 - 3.575
  Sigma clipped 0 outliers in time series
    MAD = 2043 ppm
  Bandpass 397 = 3.575 - 3.577
  Identified 1 outliers for wavelength 3.5760 microns
  Sigma clipped 1 outliers in time series
    MAD = 1913 ppm
  Bandpass 398 = 3.577 - 3.580
  Sigma clipped 0 outliers in time series
    MAD = 2096 ppm
  Bandpass 399 = 3.580 - 3.583
  Sigma clipped 0 outliers in time series
    MAD = 2063 ppm
  Bandpass 400 = 3.583 - 3.586
  Sigma clipped 0 outliers in time series
    MAD = 1830 ppm
  Bandpass 401 = 3.586 - 3.589
  Sigma clipped 0 outliers in time series
    MAD = 1937 ppm
  Bandpass 402 = 3.589 - 3.592
  Sigma clipped 0 outliers in time series
    MAD = 1840 ppm
  Bandpass 403 = 3.592 - 3.595
  Sigma clipped 0 outliers in time series
    MAD = 2039 ppm
  Bandpass 404 = 3.595 - 3.598
  Sigma clipped 0 outliers in time series
    MAD = 2032 ppm
  Bandpass 405 = 3.598 - 3.601
  Sigma clipped 0 outliers in time series
    MAD = 1907 ppm
  Bandpass 406 = 3.601 - 3.604
  Sigma clipped 0 outliers in time series
    MAD = 2292 ppm
  Bandpass 407 = 3.604 - 3.607
  Sigma clipped 0 outliers in time series
    MAD = 1790 ppm
  Bandpass 408 = 3.607 - 3.610
  Sigma clipped 0 outliers in time series
    MAD = 2190 ppm
  Bandpass 409 = 3.610 - 3.613
  Sigma clipped 0 outliers in time series
    MAD = 1831 ppm
  Bandpass 410 = 3.613 - 3.616
  Sigma clipped 0 outliers in time series
    MAD = 1798 ppm
  Bandpass 411 = 3.616 - 3.619
  Sigma clipped 0 outliers in time series
    MAD = 2322 ppm
  Bandpass 412 = 3.619 - 3.622
  Sigma clipped 0 outliers in time series
    MAD = 2033 ppm
  Bandpass 413 = 3.622 - 3.624
  Sigma clipped 0 outliers in time series
    MAD = 2030 ppm
  Bandpass 414 = 3.624 - 3.627
  Sigma clipped 0 outliers in time series
    MAD = 1989 ppm
  Bandpass 415 = 3.627 - 3.630
  Sigma clipped 0 outliers in time series
    MAD = 1755 ppm
  Bandpass 416 = 3.630 - 3.633
  Sigma clipped 0 outliers in time series
    MAD = 1727 ppm
  Bandpass 417 = 3.633 - 3.636
  Sigma clipped 0 outliers in time series
    MAD = 1799 ppm
  Bandpass 418 = 3.636 - 3.639
  Sigma clipped 0 outliers in time series
    MAD = 1919 ppm
  Bandpass 419 = 3.639 - 3.642
  Sigma clipped 0 outliers in time series
    MAD = 2231 ppm
  Bandpass 420 = 3.642 - 3.645
  Sigma clipped 0 outliers in time series
    MAD = 2182 ppm
  Bandpass 421 = 3.645 - 3.648
  Sigma clipped 0 outliers in time series
    MAD = 1697 ppm
  Bandpass 422 = 3.648 - 3.651
  Sigma clipped 0 outliers in time series
    MAD = 2051 ppm
  Bandpass 423 = 3.651 - 3.654
  Sigma clipped 0 outliers in time series
    MAD = 1926 ppm
  Bandpass 424 = 3.654 - 3.657
  Sigma clipped 0 outliers in time series
    MAD = 2272 ppm
  Bandpass 425 = 3.657 - 3.660
  Sigma clipped 0 outliers in time series
    MAD = 1904 ppm
  Bandpass 426 = 3.660 - 3.663
  Sigma clipped 0 outliers in time series
    MAD = 1943 ppm
  Bandpass 427 = 3.663 - 3.666
  Sigma clipped 0 outliers in time series
    MAD = 2049 ppm
  Bandpass 428 = 3.666 - 3.669
  Sigma clipped 0 outliers in time series
    MAD = 2116 ppm
  Bandpass 429 = 3.669 - 3.672
  Sigma clipped 0 outliers in time series
    MAD = 1945 ppm
  Bandpass 430 = 3.672 - 3.674
  Sigma clipped 0 outliers in time series
    MAD = 2044 ppm
  Bandpass 431 = 3.674 - 3.677
  Sigma clipped 0 outliers in time series
    MAD = 2084 ppm
  Bandpass 432 = 3.677 - 3.680
  Sigma clipped 0 outliers in time series
    MAD = 2122 ppm
  Bandpass 433 = 3.680 - 3.683
  Sigma clipped 0 outliers in time series
    MAD = 2140 ppm
  Bandpass 434 = 3.683 - 3.686
  Identified 1 outliers for wavelength 3.6847 microns
  Sigma clipped 1 outliers in time series
    MAD = 2065 ppm
  Bandpass 435 = 3.686 - 3.689
  Sigma clipped 0 outliers in time series
    MAD = 3211 ppm
  Bandpass 436 = 3.689 - 3.692
  Sigma clipped 0 outliers in time series
    MAD = 3835 ppm
  Bandpass 437 = 3.692 - 3.695
  Sigma clipped 0 outliers in time series
    MAD = 1716 ppm
  Bandpass 438 = 3.695 - 3.698
  Sigma clipped 0 outliers in time series
    MAD = 1982 ppm
  Bandpass 439 = 3.698 - 3.701
  Sigma clipped 0 outliers in time series
    MAD = 2128 ppm
  Bandpass 440 = 3.701 - 3.704
  Sigma clipped 0 outliers in time series
    MAD = 1918 ppm
  Bandpass 441 = 3.704 - 3.707
  Sigma clipped 0 outliers in time series
    MAD = 2211 ppm
  Bandpass 442 = 3.707 - 3.710
  Sigma clipped 0 outliers in time series
    MAD = 2046 ppm
  Bandpass 443 = 3.710 - 3.713
  Sigma clipped 0 outliers in time series
    MAD = 2046 ppm
  Bandpass 444 = 3.713 - 3.716
  Sigma clipped 0 outliers in time series
    MAD = 2049 ppm
  Bandpass 445 = 3.716 - 3.719
  Sigma clipped 0 outliers in time series
    MAD = 2032 ppm
  Bandpass 446 = 3.719 - 3.721
  Sigma clipped 0 outliers in time series
    MAD = 2121 ppm
  Bandpass 447 = 3.721 - 3.724
  Sigma clipped 0 outliers in time series
    MAD = 2014 ppm
  Bandpass 448 = 3.724 - 3.727
  Sigma clipped 0 outliers in time series
    MAD = 2053 ppm
  Bandpass 449 = 3.727 - 3.730
  Sigma clipped 0 outliers in time series
    MAD = 1799 ppm
  Bandpass 450 = 3.730 - 3.733
  Sigma clipped 0 outliers in time series
    MAD = 1893 ppm
  Bandpass 451 = 3.733 - 3.736
  Sigma clipped 0 outliers in time series
    MAD = 1891 ppm
  Bandpass 452 = 3.736 - 3.739
  Sigma clipped 0 outliers in time series
    MAD = 2051 ppm
  Bandpass 453 = 3.739 - 3.742
  Sigma clipped 0 outliers in time series
    MAD = 2036 ppm
  Bandpass 454 = 3.742 - 3.745
  Sigma clipped 0 outliers in time series
    MAD = 2082 ppm
  Bandpass 455 = 3.745 - 3.748
  Sigma clipped 0 outliers in time series
    MAD = 2075 ppm
  Bandpass 456 = 3.748 - 3.751
  Sigma clipped 0 outliers in time series
    MAD = 2041 ppm
  Bandpass 457 = 3.751 - 3.754
  Sigma clipped 0 outliers in time series
    MAD = 2072 ppm
  Bandpass 458 = 3.754 - 3.757
  Sigma clipped 0 outliers in time series
    MAD = 2099 ppm
  Bandpass 459 = 3.757 - 3.760
  Sigma clipped 0 outliers in time series
    MAD = 2162 ppm
  Bandpass 460 = 3.760 - 3.763
  Sigma clipped 0 outliers in time series
    MAD = 2050 ppm
  Bandpass 461 = 3.763 - 3.766
  Sigma clipped 0 outliers in time series
    MAD = 2022 ppm
  Bandpass 462 = 3.766 - 3.769
  Sigma clipped 0 outliers in time series
    MAD = 2232 ppm
  Bandpass 463 = 3.769 - 3.771
  Sigma clipped 0 outliers in time series
    MAD = 2115 ppm
  Bandpass 464 = 3.771 - 3.774
  Sigma clipped 0 outliers in time series
    MAD = 2078 ppm
  Bandpass 465 = 3.774 - 3.777
  Sigma clipped 0 outliers in time series
    MAD = 2124 ppm
  Bandpass 466 = 3.777 - 3.780
  Sigma clipped 0 outliers in time series
    MAD = 1911 ppm
  Bandpass 467 = 3.780 - 3.783
  Sigma clipped 0 outliers in time series
    MAD = 1891 ppm
  Bandpass 468 = 3.783 - 3.786
  Sigma clipped 0 outliers in time series
    MAD = 1964 ppm
  Bandpass 469 = 3.786 - 3.789
  Sigma clipped 0 outliers in time series
    MAD = 2451 ppm
  Bandpass 470 = 3.789 - 3.792
  Identified 1 outliers for wavelength 3.7906 microns
  Sigma clipped 1 outliers in time series
    MAD = 2060 ppm
  Bandpass 471 = 3.792 - 3.795
  Sigma clipped 0 outliers in time series
    MAD = 2157 ppm
  Bandpass 472 = 3.795 - 3.798
  Identified 1 outliers for wavelength 3.7965 microns
  Sigma clipped 1 outliers in time series
    MAD = 1970 ppm
  Bandpass 473 = 3.798 - 3.801
  Sigma clipped 0 outliers in time series
    MAD = 2108 ppm
  Bandpass 474 = 3.801 - 3.804
  Sigma clipped 0 outliers in time series
    MAD = 2013 ppm
  Bandpass 475 = 3.804 - 3.807
  Sigma clipped 0 outliers in time series
    MAD = 1944 ppm
  Bandpass 476 = 3.807 - 3.810
  Sigma clipped 0 outliers in time series
    MAD = 2084 ppm
  Bandpass 477 = 3.810 - 3.813
  Sigma clipped 0 outliers in time series
    MAD = 1967 ppm
  Bandpass 478 = 3.813 - 3.816
  Sigma clipped 0 outliers in time series
    MAD = 2172 ppm
  Bandpass 479 = 3.816 - 3.819
  Sigma clipped 0 outliers in time series
    MAD = 2134 ppm
  Bandpass 480 = 3.819 - 3.821
  Sigma clipped 0 outliers in time series
    MAD = 2299 ppm
  Bandpass 481 = 3.821 - 3.824
  Sigma clipped 0 outliers in time series
    MAD = 1862 ppm
  Bandpass 482 = 3.824 - 3.827
  Sigma clipped 0 outliers in time series
    MAD = 1900 ppm
  Bandpass 483 = 3.827 - 3.830
  Sigma clipped 0 outliers in time series
    MAD = 2027 ppm
  Bandpass 484 = 3.830 - 3.833
  Sigma clipped 0 outliers in time series
    MAD = 1995 ppm
  Bandpass 485 = 3.833 - 3.836
  Sigma clipped 0 outliers in time series
    MAD = 1992 ppm
  Bandpass 486 = 3.836 - 3.839
  Sigma clipped 0 outliers in time series
    MAD = 2278 ppm
  Bandpass 487 = 3.839 - 3.842
  Sigma clipped 0 outliers in time series
    MAD = 2453 ppm
  Bandpass 488 = 3.842 - 3.845
  Sigma clipped 0 outliers in time series
    MAD = 2085 ppm
  Bandpass 489 = 3.845 - 3.848
  Sigma clipped 0 outliers in time series
    MAD = 2098 ppm
  Bandpass 490 = 3.848 - 3.851
  Sigma clipped 0 outliers in time series
    MAD = 2114 ppm
  Bandpass 491 = 3.851 - 3.854
  Sigma clipped 0 outliers in time series
    MAD = 2220 ppm
  Bandpass 492 = 3.854 - 3.857
  Sigma clipped 0 outliers in time series
    MAD = 2293 ppm
  Bandpass 493 = 3.857 - 3.860
  Sigma clipped 0 outliers in time series
    MAD = 2275 ppm
  Bandpass 494 = 3.860 - 3.863
  Sigma clipped 0 outliers in time series
    MAD = 2120 ppm
  Bandpass 495 = 3.863 - 3.866
  Sigma clipped 0 outliers in time series
    MAD = 2525 ppm
  Bandpass 496 = 3.866 - 3.869
  Sigma clipped 0 outliers in time series
    MAD = 2283 ppm
  Bandpass 497 = 3.869 - 3.872
  Sigma clipped 0 outliers in time series
    MAD = 2448 ppm
  Bandpass 498 = 3.872 - 3.874
  Sigma clipped 0 outliers in time series
    MAD = 2210 ppm
  Bandpass 499 = 3.874 - 3.877
  Sigma clipped 0 outliers in time series
    MAD = 2129 ppm
  Bandpass 500 = 3.877 - 3.880
  Sigma clipped 0 outliers in time series
    MAD = 4258 ppm
  Bandpass 501 = 3.880 - 3.883
  Sigma clipped 0 outliers in time series
    MAD = 4731 ppm
  Bandpass 502 = 3.883 - 3.886
  Sigma clipped 0 outliers in time series
    MAD = 2133 ppm
  Bandpass 503 = 3.886 - 3.889
  Sigma clipped 0 outliers in time series
    MAD = 2295 ppm
  Bandpass 504 = 3.889 - 3.892
  Sigma clipped 0 outliers in time series
    MAD = 2399 ppm
  Bandpass 505 = 3.892 - 3.895
  Sigma clipped 0 outliers in time series
    MAD = 2182 ppm
  Bandpass 506 = 3.895 - 3.898
  Sigma clipped 0 outliers in time series
    MAD = 2054 ppm
  Bandpass 507 = 3.898 - 3.901
  Sigma clipped 0 outliers in time series
    MAD = 2142 ppm
  Bandpass 508 = 3.901 - 3.904
  Sigma clipped 0 outliers in time series
    MAD = 2148 ppm
  Bandpass 509 = 3.904 - 3.907
  Sigma clipped 0 outliers in time series
    MAD = 2081 ppm
  Bandpass 510 = 3.907 - 3.910
  Sigma clipped 0 outliers in time series
    MAD = 1912 ppm
  Bandpass 511 = 3.910 - 3.913
  Sigma clipped 0 outliers in time series
    MAD = 2296 ppm
  Bandpass 512 = 3.913 - 3.916
  Sigma clipped 0 outliers in time series
    MAD = 2208 ppm
  Bandpass 513 = 3.916 - 3.919
  Sigma clipped 0 outliers in time series
    MAD = 2236 ppm
  Bandpass 514 = 3.919 - 3.922
  Sigma clipped 0 outliers in time series
    MAD = 1971 ppm
  Bandpass 515 = 3.922 - 3.924
  Sigma clipped 0 outliers in time series
    MAD = 2336 ppm
  Bandpass 516 = 3.924 - 3.927
  Sigma clipped 0 outliers in time series
    MAD = 2376 ppm
  Bandpass 517 = 3.927 - 3.930
  Sigma clipped 0 outliers in time series
    MAD = 2077 ppm
  Bandpass 518 = 3.930 - 3.933
  Sigma clipped 0 outliers in time series
    MAD = 1962 ppm
  Bandpass 519 = 3.933 - 3.936
  Sigma clipped 0 outliers in time series
    MAD = 1981 ppm
  Bandpass 520 = 3.936 - 3.939
  Sigma clipped 0 outliers in time series
    MAD = 2023 ppm
  Bandpass 521 = 3.939 - 3.942
  Sigma clipped 0 outliers in time series
    MAD = 2333 ppm
  Bandpass 522 = 3.942 - 3.945
  Sigma clipped 0 outliers in time series
    MAD = 2206 ppm
  Bandpass 523 = 3.945 - 3.948
  Sigma clipped 0 outliers in time series
    MAD = 2158 ppm
  Bandpass 524 = 3.948 - 3.951
  Identified 1 outliers for wavelength 3.9495 microns
  Sigma clipped 1 outliers in time series
    MAD = 2033 ppm
  Bandpass 525 = 3.951 - 3.954
  Sigma clipped 0 outliers in time series
    MAD = 1935 ppm
  Bandpass 526 = 3.954 - 3.957
  Sigma clipped 0 outliers in time series
    MAD = 2083 ppm
  Bandpass 527 = 3.957 - 3.960
  Sigma clipped 0 outliers in time series
    MAD = 2360 ppm
  Bandpass 528 = 3.960 - 3.963
  Sigma clipped 0 outliers in time series
    MAD = 2209 ppm
  Bandpass 529 = 3.963 - 3.966
  Sigma clipped 0 outliers in time series
    MAD = 2393 ppm
  Bandpass 530 = 3.966 - 3.969
  Sigma clipped 0 outliers in time series
    MAD = 2720 ppm
  Bandpass 531 = 3.969 - 3.972
  Sigma clipped 0 outliers in time series
    MAD = 2567 ppm
  Bandpass 532 = 3.972 - 3.975
  Sigma clipped 0 outliers in time series
    MAD = 2429 ppm
  Bandpass 533 = 3.975 - 3.977
  Sigma clipped 0 outliers in time series
    MAD = 2363 ppm
  Bandpass 534 = 3.977 - 3.980
  Sigma clipped 0 outliers in time series
    MAD = 2871 ppm
  Bandpass 535 = 3.980 - 3.983
  Sigma clipped 0 outliers in time series
    MAD = 2599 ppm
  Bandpass 536 = 3.983 - 3.986
  Sigma clipped 0 outliers in time series
    MAD = 2668 ppm
  Bandpass 537 = 3.986 - 3.989
  Sigma clipped 0 outliers in time series
    MAD = 3120 ppm
  Bandpass 538 = 3.989 - 3.992
  Sigma clipped 0 outliers in time series
    MAD = 3155 ppm
  Bandpass 539 = 3.992 - 3.995
  Sigma clipped 0 outliers in time series
    MAD = 2835 ppm
  Bandpass 540 = 3.995 - 3.998
  Sigma clipped 0 outliers in time series
    MAD = 3116 ppm
  Bandpass 541 = 3.998 - 4.001
  Sigma clipped 0 outliers in time series
    MAD = 3272 ppm
  Bandpass 542 = 4.001 - 4.004
  Sigma clipped 0 outliers in time series
    MAD = 3437 ppm
  Bandpass 543 = 4.004 - 4.007
  Sigma clipped 0 outliers in time series
    MAD = 4122 ppm
  Bandpass 544 = 4.007 - 4.010
  Sigma clipped 0 outliers in time series
    MAD = 4080 ppm
  Bandpass 545 = 4.010 - 4.013
  Sigma clipped 0 outliers in time series
    MAD = 4449 ppm
  Bandpass 546 = 4.013 - 4.016
  Sigma clipped 0 outliers in time series
    MAD = 4550 ppm
  Bandpass 547 = 4.016 - 4.019
  Sigma clipped 0 outliers in time series
    MAD = 5062 ppm
  Bandpass 548 = 4.019 - 4.022
  Sigma clipped 0 outliers in time series
    MAD = 4534 ppm
  Bandpass 549 = 4.022 - 4.025
  Sigma clipped 0 outliers in time series
    MAD = 4950 ppm
Generating limb-darkening coefficients...
...using exotic-ld package...
Saving results...

Total time (min): 2.96
